// Jest Snapshot v1, https://goo.gl/fbAQLP

exports[`Wallet component renders Wallet 1`] = `
<DocumentFragment>
  <div
    class="wallet"
  >
    <div
      class="row"
    >
      <select
        class="wallet-currency"
        name="walletFrom"
      >
        <option
          value="EUR"
        >
          EUR
        </option>
        <option
          value="USD"
        >
          USD
        </option>
        <option
          value="GBP"
        >
          GBP
        </option>
      </select>
      <div>
        <span
          class="wallet-operation-sign"
        >
          -
        </span>
        <input
          class="wallet-input"
          name="walletFrom"
          type="number"
          value="100"
        />
      </div>
    </div>
    <div
      class="row"
    >
      <span
        class="wallet-amount"
      >
        You have: 1000$
      </span>
    </div>
  </div>
</DocumentFragment>
`;
