// Jest Snapshot v1, https://goo.gl/fbAQLP

exports[`renders Button 1`] = `
<DocumentFragment>
  <button
    class="btn undefined "
  />
</DocumentFragment>
`;
