// Jest Snapshot v1, https://goo.gl/fbAQLP

exports[`renders Loader 1`] = `
<DocumentFragment>
  <div
    class="wrapper"
    data-testid="loader"
  >
    <div
      class="dual-ring"
    />
  </div>
</DocumentFragment>
`;
