// Jest Snapshot v1, https://goo.gl/fbAQLP

exports[`renders App 1`] = `
<DocumentFragment>
  <div
    class="app"
  >
    <div
      class="wrapper"
      data-testid="loader"
    >
      <div
        class="dual-ring"
      />
    </div>
  </div>
</DocumentFragment>
`;
